// Jest Snapshot v1, https://goo.gl/fbAQLP

exports[`renders correctly 1`] = `
<div
  className="App"
>
  <nav
    className="navbar navbar-expand-lg navbar-light fixed-top"
  >
    <div
      className="container"
    >
      <a
        className="navbar-brand"
        href="/login"
        onClick={[Function]}
      >
        Candor
      </a>
      <div
        className="collapse navbar-collapse"
        id="navbarTogglerDemo02"
      >
        <ul
          className="navbar-nav ml-auto"
        >
          <li
            className="nav-item"
          >
            <a
              className="nav-link"
              href="/login"
              onClick={[Function]}
            >
              Login
            </a>
          </li>
        </ul>
      </div>
    </div>
  </nav>
  <div
    className="auth-wrapper"
  >
    <div
      className="auth-inner"
    >
      <form>
        <h3>
          Login
        </h3>
        <button
          class="loginBtn loginBtn--facebook"
        >
          Login with Facebook
        </button>
        <button
          class="loginBtn loginBtn--google"
        >
          Login with Google
        </button>
      </form>
    </div>
  </div>
</div>
`;
